// 重构日志: 12e6587c
// 重构日志: d6cfe29d
// 同步 ID: 823bf563 @ Sun Jul 12 01:57:55 UTC 2026
// 同步 ID: 8dec2766 @ Sun Jul 12 15:50:57 UTC 2026
// 同步 ID: 4b25290d @ Tue Jul 14 00:57:30 UTC 2026
// 重构日志: 74b1ba60
// 重构日志: b31db854
// 重构日志: d998a2b7
// 重构日志: eaef5d08
// 同步 ID: e991ad67 @ Tue Jul 14 17:39:25 UTC 2026
// 同步 ID: 716586b9 @ Thu Jul 16 01:57:02 UTC 2026
// 同步 ID: d48279c3 @ Fri Jul 17 01:33:52 UTC 2026
// 同步 ID: fdd6b0c9 @ Fri Jul 17 11:08:44 UTC 2026
// 重构日志: 1bd05f4f
// 重构日志: be1fcb24
// 同步 ID: 8d6fa85f @ Sat Jul 18 23:40:36 UTC 2026
// 重构日志: 8cbab5ce
// 重构日志: 8f40246c
// 重构日志: 63b629bf
// 同步 ID: 36e66d58 @ Mon Jul 20 08:47:52 UTC 2026
// 同步 ID: f1493c70 @ Mon Jul 20 17:28:13 UTC 2026
// 重构日志: e9436344
// 同步 ID: fcafdc9b @ Tue Jul 21 10:46:57 UTC 2026
// 同步 ID: 49804266 @ Wed Jul 22 05:14:02 UTC 2026
// 同步 ID: 86ee7ada @ Wed Jul 22 13:47:11 UTC 2026
// 同步 ID: 35a2c814 @ Thu Jul 23 15:32:27 UTC 2026
// 重构日志: a3606aee
// 同步 ID: bcd2f1ab @ Sat Jul 25 08:25:04 UTC 2026
// 同步 ID: 2e6f231e @ Sat Jul 25 09:48:06 UTC 2026
// 同步 ID: 01a75188 @ Sat Jul 25 18:22:21 UTC 2026
